// Jest Snapshot v1, https://goo.gl/fbAQLP

exports[`should render a Button 1`] = `
<StyleRoot>
  <div
    className="uxi-root"
  >
    <HelmetWrapper
      defer={true}
      encodeSpecialCharacters={true}
    >
      <link
        href="https://fonts.googleapis.com/css?family=Source+Sans+Pro:400,600,700"
        rel="stylesheet"
      />
      <link
        href="https://fonts.googleapis.com/css?family=Fira+Sans:400,600,700"
        rel="stylesheet"
      />
    </HelmetWrapper>
    <Button
      onClick={[Function]}
      text="YO!"
    />
  </div>
</StyleRoot>
`;
