// Jest Snapshot v1, https://goo.gl/fbAQLP

exports[`Icon : <Access /> match snapshot 1`] = `
<SvgIcon
  color="#6d6d71"
  onMouseEnter={[Function]}
  onMouseLeave={[Function]}
  style={Object {}}
  viewBox="0 0 24 24"
>
  <svg
    height="24px"
    viewBox="0 0 15.48 16"
    width="24px"
    xmlns="http://www.w3.org/2000/svg"
  >
    <g
      data-name="Layer 2"
      id="Layer_2"
    >
      <g
        data-name="Layer 1"
        id="Layer_1-2"
      >
        <path
          d="M14.21,7.41a4.35,4.35,0,0,0,0-6.14,4.34,4.34,0,0,0-6.79,5.3l0,.08-.06.06L0,14.12l1.36,1.36,1.19-1.19L4.26,16l1.36-1.36L3.91,12.93l.83-.83,1.71,1.71L7.8,12.45,6.09,10.74,8.83,8l.08,0A4.33,4.33,0,0,0,14.21,7.41ZM8.35,4.34a2.77,2.77,0,0,1,.82-2h0a2.79,2.79,0,1,1-.82,2Z"
        />
      </g>
    </g>
  </svg>
</SvgIcon>
`;
