// Jest Snapshot v1, https://goo.gl/fbAQLP

exports[`Icon : <Changeview /> match snapshot 1`] = `
<SvgIcon
  color="#6d6d71"
  onMouseEnter={[Function]}
  onMouseLeave={[Function]}
  size={24}
  style={Object {}}
  viewBox="0 0 24 24"
>
  <svg
    focusable="false"
    height="24px"
    viewBox="0 0 16 16"
    width="24px"
    xmlns="http://www.w3.org/2000/svg"
  >
    <g
      data-name="Layer 2"
      id="Layer_2"
    >
      <g
        data-name="Layer 1"
        id="Layer_1-2"
      >
        <path
          d="M16,1.6A1.6,1.6,0,0,0,14.4,0H1.6A1.6,1.6,0,0,0,0,1.6V14.4A1.6,1.6,0,0,0,1.6,16H14.4A1.6,1.6,0,0,0,16,14.4Zm-8.5,13H1.37V8.5H7.5Zm0-7.13H1.37V1.37H7.5Zm7.13,7.13H8.5V8.5h6.13Zm0-7.13H8.5V1.37h6.13Z"
        />
      </g>
    </g>
  </svg>
</SvgIcon>
`;
