// Jest Snapshot v1, https://goo.gl/fbAQLP

exports[`Icon : <Circledcheckmark /> match snapshot 1`] = `
<SvgIcon
  color="currentColor"
  onMouseEnter={[Function]}
  onMouseLeave={[Function]}
  size={24}
  style={Object {}}
  viewBox="0 0 24 24"
>
  <svg
    focusable="false"
    height="24px"
    viewBox="0 0 79 79"
    width="24px"
    xmlns="http://www.w3.org/2000/svg"
  >
    <g
      data-name="Layer 2"
      id="Layer_2"
    >
      <g
        data-name="Layer 1"
        id="Layer_1-2"
      >
        <circle
          cx="39.5"
          cy="39.5"
          r="39.5"
        />
        <path
          d="M34,55.07h0a4,4,0,0,1-2.82-1.18L19,41.69A4,4,0,1,1,24.66,36L34,45.41l20.31-20.3A4,4,0,1,1,60,30.76L36.86,53.89A4,4,0,0,1,34,55.07Z"
        />
      </g>
    </g>
  </svg>
</SvgIcon>
`;
