// Jest Snapshot v1, https://goo.gl/fbAQLP

exports[`Icon : <Competitoropportunity /> match snapshot 1`] = `
<SvgIcon
  color="#6d6d71"
  onMouseEnter={[Function]}
  onMouseLeave={[Function]}
  style={Object {}}
  viewBox="0 0 24 24"
>
  <svg
    height="24px"
    viewBox="0 0 14.99 15.75"
    width="24px"
    xmlns="http://www.w3.org/2000/svg"
  >
    <g
      data-name="Layer 2"
      id="Layer_2"
    >
      <g
        data-name="Layer 1"
        id="Layer_1-2"
      >
        <rect
          height="1.52"
          width="1.52"
          x="5.21"
          y="4.45"
        />
        <rect
          height="1.52"
          width="1.52"
          x="8.26"
          y="4.45"
        />
        <rect
          height="1.52"
          width="1.52"
          x="5.21"
          y="7.49"
        />
        <rect
          height="1.52"
          width="1.52"
          x="8.26"
          y="7.49"
        />
        <rect
          height="1.52"
          width="1.52"
          x="2.16"
          y="10.54"
        />
        <rect
          height="1.52"
          width="1.52"
          x="5.21"
          y="10.54"
        />
        <rect
          height="1.52"
          width="1.52"
          x="8.26"
          y="10.54"
        />
        <rect
          height="1.52"
          width="1.52"
          x="11.3"
          y="10.54"
        />
        <path
          d="M9,0H6a.64.64,0,0,0-.64.64v.89H3.68A.64.64,0,0,0,3,2.16V8.38H.64A.64.64,0,0,0,0,9v6.1a.64.64,0,0,0,.64.64H14.35a.64.64,0,0,0,.64-.64V9a.64.64,0,0,0-.64-.64H11.94V2.16a.64.64,0,0,0-.64-.64H9.65V.64A.64.64,0,0,0,9,0Zm1.65,2.8V9a.64.64,0,0,0,.64.64h2.41v4.82H8.89V13H6.1v1.52H1.27V9.65H3.68A.64.64,0,0,0,4.32,9V2.8H6a.64.64,0,0,0,.64-.64V1.27H8.38v.89A.64.64,0,0,0,9,2.8Z"
        />
      </g>
    </g>
  </svg>
</SvgIcon>
`;
