// Jest Snapshot v1, https://goo.gl/fbAQLP

exports[`Icon : <Deployment /> match snapshot 1`] = `
<SvgIcon
  color="#6d6d71"
  onMouseEnter={[Function]}
  onMouseLeave={[Function]}
  size={24}
  style={Object {}}
  viewBox="0 0 24 24"
>
  <svg
    focusable="false"
    height="24px"
    viewBox="0 0 15.79 15.75"
    width="24px"
    xmlns="http://www.w3.org/2000/svg"
  >
    <g
      data-name="Layer 2"
      id="Layer_2"
    >
      <g
        data-name="Layer 1"
        id="Layer_1-2"
      >
        <polygon
          points="15.79 5.13 15.79 5.13 15.79 5.13 15.79 5.13"
        />
        <path
          d="M.67,15.75h14.4a.68.68,0,0,0,.67-.67V5.46a.67.67,0,0,0,0-.23l0,0,0-.06,0,0L12.44.3a.67.67,0,0,0-.56-.3h-8a.67.67,0,0,0-.56.3L.11,5.1l0,0,0,0,0,.05a.68.68,0,0,0,0,.23v9.61A.68.68,0,0,0,.67,15.75ZM8.55,1.35h3l2.3,3.45H8.55Zm-4.31,0h3V4.8H1.94ZM1.35,6.15h13V14.4h-13Z"
        />
      </g>
    </g>
  </svg>
</SvgIcon>
`;
