// Jest Snapshot v1, https://goo.gl/fbAQLP

exports[`Icon : <Markasunsensitive /> match snapshot 1`] = `
<SvgIcon
  color="#6d6d71"
  onMouseEnter={[Function]}
  onMouseLeave={[Function]}
  size={24}
  style={Object {}}
  viewBox="0 0 24 24"
>
  <svg
    focusable="false"
    height="24px"
    viewBox="0 0 12.39 16"
    width="24px"
    xmlns="http://www.w3.org/2000/svg"
  >
    <g
      data-name="Layer 2"
      id="Layer_2"
    >
      <g
        data-name="Layer 1"
        id="Layer_1-2"
      >
        <circle
          cx="6.2"
          cy="11.15"
          r="1.35"
        />
        <path
          d="M10.73,6.31H3.38V4.39A2.81,2.81,0,0,1,9,3.91h1.58a4.38,4.38,0,0,0-8.74.49V6.31H1.69A1.69,1.69,0,0,0,0,8v6.31A1.69,1.69,0,0,0,1.69,16h9a1.69,1.69,0,0,0,1.69-1.69V8A1.69,1.69,0,0,0,10.73,6.31ZM1.58,14.42V7.89h9.24v6.54Z"
        />
      </g>
    </g>
  </svg>
</SvgIcon>
`;
