// Jest Snapshot v1, https://goo.gl/fbAQLP

exports[`Icon : <Note /> match snapshot 1`] = `
<SvgIcon
  color="#6d6d71"
  onMouseEnter={[Function]}
  onMouseLeave={[Function]}
  style={Object {}}
  viewBox="0 0 24 24"
>
  <svg
    height="24px"
    viewBox="0 0 12.32 16"
    width="24px"
    xmlns="http://www.w3.org/2000/svg"
  >
    <g
      data-name="Layer 2"
      id="Layer_2"
    >
      <g
        data-name="Layer 1"
        id="Layer_1-2"
      >
        <path
          d="M0,5.79v9.57A.64.64,0,0,0,.64,16h9.57a.64.64,0,0,0,.45-.19l1.47-1.47a.64.64,0,0,0,.19-.45V5.79a.64.64,0,0,0-.64-.64H8.1V6.43H11v6.82H9.57v1.47H1.28V6.43H3.48V5.15H.64A.64.64,0,0,0,0,5.79Z"
        />
        <rect
          height="1.28"
          width="6.43"
          x="2.95"
          y="8.1"
        />
        <rect
          height="1.28"
          width="6.43"
          x="2.95"
          y="11.04"
        />
        <path
          d="M5.79,7.17a.64.64,0,0,0,.64-.64V4.11l.07,0a2.11,2.11,0,1,0-1.41,0l.07,0V6.53A.64.64,0,0,0,5.79,7.17Z"
        />
      </g>
    </g>
  </svg>
</SvgIcon>
`;
