// Jest Snapshot v1, https://goo.gl/fbAQLP

exports[`Icon : <Preparation /> match snapshot 1`] = `
<SvgIcon
  color="currentColor"
  onMouseEnter={[Function]}
  onMouseLeave={[Function]}
  size={24}
  style={Object {}}
  viewBox="0 0 24 24"
>
  <svg
    focusable="false"
    height="24px"
    viewBox="0 0 15.25 15.63"
    width="24px"
    xmlns="http://www.w3.org/2000/svg"
  >
    <g
      data-name="Layer 2"
      id="Layer_2"
    >
      <g
        data-name="Layer 1"
        id="Layer_1-2"
      >
        <circle
          cx="4.45"
          cy="4.27"
          r="1.5"
        />
        <circle
          cx="7.64"
          cy="1.5"
          r="1.5"
        />
        <circle
          cx="10.83"
          cy="4.27"
          r="1.5"
        />
        <polygon
          points="15.25 6.68 0 6.68 0 7.74 3.92 7.74 3.92 11.79 4.98 11.79 4.98 7.74 10.3 7.74 10.3 11.79 11.35 11.79 11.35 7.74 15.25 7.74 15.25 6.68"
        />
        <rect
          height="6.45"
          width="1.05"
          x="7.11"
          y="9.18"
        />
      </g>
    </g>
  </svg>
</SvgIcon>
`;
